
Memory Configuration

Name             Origin             Length             Attributes
vexriscv_debug   0x00000000f00f0000 0x0000000000000100
dff              0x0000000000000000 0x0000000000000400
dff2             0x0000000000000400 0x0000000000000200
flash            0x0000000010000000 0x0000000001000000
mprj             0x0000000030000000 0x0000000000100000
mprjram          0x0000000038000000 0x0000000000400000
hk               0x0000000026000000 0x0000000000100000
csr              0x00000000f0000000 0x0000000000010000
*default*        0x0000000000000000 0xffffffffffffffff

Linker script and memory map

                0x0000000000000000                __DYNAMIC = 0x0

.text           0x0000000010000000      0x83c
                0x0000000010000000                _ftext = .
 *crt0*(.text)
 .text          0x0000000010000000      0x144 uart.elf-crt0_vex.o
                0x0000000010000000                _start
                0x0000000010000020                trap_entry
 *crt0*(.text)
 *(.text.isr)
                0x0000000010000144                _etext = .
 .text          0x0000000010000144      0x16c uart.elf-isr.o
                0x0000000010000234                isr
 .text          0x00000000100002b0       0xf0 uart.elf-uart.o
 .text          0x00000000100003a0      0x49c uart.elf-counter_la_uart.o
                0x0000000010000490                main

.mprj           0x000000001000083c      0x1dc
 .mprj          0x000000001000083c      0x1dc uart.elf-uart.o
                0x000000001000083c                uart_write
                0x0000000010000884                uart_write_char
                0x00000000100008ec                uart_write_string
                0x0000000010000940                uart_read_char
                0x0000000010000960                uart_read
                0x00000000100009b4                uart_isr

.rodata         0x0000000010000a18        0x8
                0x0000000010000a18                . = ALIGN (0x8)
 *fill*         0x0000000010000a18        0x0 
                0x0000000010000a18                _frodata = .
 *(.rodata .rodata.* .gnu.linkonce.r.*)
 .rodata        0x0000000010000a18        0x6 uart.elf-counter_la_uart.o
 *(.rodata1)
                0x0000000010000a20                . = ALIGN (0x8)
 *fill*         0x0000000010000a1e        0x2 
                0x0000000010000a20                _erodata = .

.rela.dyn       0x0000000010000a20        0x0
 .rela.text     0x0000000010000a20        0x0 uart.elf-crt0_vex.o

.data           0x0000000000000000        0x8 load address 0x0000000010000a20
                0x0000000000000000                . = ALIGN (0x8)
                0x0000000000000000                _fdata = .
 *(.data .data.* .gnu.linkonce.d.*)
 .data          0x0000000000000000        0x0 uart.elf-crt0_vex.o
 .data          0x0000000000000000        0x0 uart.elf-isr.o
 .data          0x0000000000000000        0x0 uart.elf-uart.o
 .data          0x0000000000000000        0x0 uart.elf-counter_la_uart.o
 *(.data1)
                0x0000000000000000                _gp = ALIGN (0x10)
 *(.sdata .sdata.* .gnu.linkonce.s.*)
 .sdata         0x0000000000000000        0x4 uart.elf-isr.o
                0x0000000000000000                counter
                0x0000000000000008                . = ALIGN (0x8)
 *fill*         0x0000000000000004        0x4 
                0x0000000000000008                _edata = .

.bss            0x0000000000000008        0x0 load address 0x0000000010000a28
                0x0000000000000008                . = ALIGN (0x8)
                0x0000000000000008                _fbss = .
 *(.dynsbss)
 *(.sbss .sbss.* .gnu.linkonce.sb.*)
 *(.scommon)
 *(.dynbss)
 *(.bss .bss.* .gnu.linkonce.b.*)
 .bss           0x0000000000000008        0x0 uart.elf-crt0_vex.o
 .bss           0x0000000000000008        0x0 uart.elf-isr.o
 .bss           0x0000000000000008        0x0 uart.elf-uart.o
 .bss           0x0000000000000008        0x0 uart.elf-counter_la_uart.o
 *(COMMON)
                0x0000000000000008                . = ALIGN (0x8)
                0x0000000000000008                _ebss = .
                0x0000000000000008                _end = .

.mprjram        0x0000000038000000        0x0 load address 0x0000000010000a28
                0x0000000038000000                . = ALIGN (0x8)
                0x0000000038000000                _fsram = .
 *libgcc.a:*(.text .text.*)
                0x0000000000000600                PROVIDE (_fstack = (ORIGIN (dff2) + LENGTH (dff2)))
                0x0000000010000a20                PROVIDE (_fdata_rom = LOADADDR (.data))
                [!provide]                        PROVIDE (_edata_rom = (LOADADDR (.data) + SIZEOF (.data)))
                0x0000000038000000                PROVIDE (_esram = (ORIGIN (mprjram) + SIZEOF (.mprjram)))
                0x0000000010000a28                PROVIDE (_esram_rom = LOADADDR (.mprjram))
LOAD uart.elf-crt0_vex.o
LOAD uart.elf-isr.o
LOAD uart.elf-uart.o
LOAD uart.elf-counter_la_uart.o
LOAD /opt/riscv/lib/gcc/riscv32-unknown-elf/12.1.0/libgcc.a
START GROUP
LOAD /opt/riscv/lib/gcc/riscv32-unknown-elf/12.1.0/../../../../riscv32-unknown-elf/lib/libc.a
LOAD /opt/riscv/lib/gcc/riscv32-unknown-elf/12.1.0/../../../../riscv32-unknown-elf/lib/libgloss.a
END GROUP
LOAD /opt/riscv/lib/gcc/riscv32-unknown-elf/12.1.0/libgcc.a
OUTPUT(uart.elf elf32-littleriscv)

.riscv.attributes
                0x0000000000000000       0x20
 .riscv.attributes
                0x0000000000000000       0x1e uart.elf-crt0_vex.o
 .riscv.attributes
                0x000000000000001e       0x20 uart.elf-isr.o
 .riscv.attributes
                0x000000000000003e       0x20 uart.elf-uart.o
 .riscv.attributes
                0x000000000000005e       0x20 uart.elf-counter_la_uart.o

.comment        0x0000000000000000       0x1b
 .comment       0x0000000000000000       0x1b uart.elf-isr.o
                                         0x1c (size before relaxing)
 .comment       0x000000000000001b       0x1c uart.elf-uart.o
 .comment       0x000000000000001b       0x1c uart.elf-counter_la_uart.o

.debug_line     0x0000000000000000      0xa0f
 .debug_line    0x0000000000000000      0x204 uart.elf-crt0_vex.o
 .debug_line    0x0000000000000204      0x161 uart.elf-isr.o
 .debug_line    0x0000000000000365      0x27d uart.elf-uart.o
 .debug_line    0x00000000000005e2      0x42d uart.elf-counter_la_uart.o

.debug_line_str
                0x0000000000000000       0xe0
 .debug_line_str
                0x0000000000000000       0x42 uart.elf-crt0_vex.o
 .debug_line_str
                0x0000000000000042       0x8c uart.elf-isr.o
                                         0xf7 (size before relaxing)
 .debug_line_str
                0x00000000000000ce       0x8c uart.elf-uart.o
                                         0xeb (size before relaxing)
 .debug_line_str
                0x00000000000000ce       0x12 uart.elf-counter_la_uart.o
                                        0x10c (size before relaxing)

.debug_info     0x0000000000000000      0x53a
 .debug_info    0x0000000000000000       0x25 uart.elf-crt0_vex.o
 .debug_info    0x0000000000000025      0x174 uart.elf-isr.o
 .debug_info    0x0000000000000199      0x233 uart.elf-uart.o
 .debug_info    0x00000000000003cc      0x16e uart.elf-counter_la_uart.o

.debug_abbrev   0x0000000000000000      0x3ae
 .debug_abbrev  0x0000000000000000       0x14 uart.elf-crt0_vex.o
 .debug_abbrev  0x0000000000000014      0x104 uart.elf-isr.o
 .debug_abbrev  0x0000000000000118      0x17f uart.elf-uart.o
 .debug_abbrev  0x0000000000000297      0x117 uart.elf-counter_la_uart.o

.debug_aranges  0x0000000000000000       0xb0
 .debug_aranges
                0x0000000000000000       0x20 uart.elf-crt0_vex.o
 .debug_aranges
                0x0000000000000020       0x20 uart.elf-isr.o
 .debug_aranges
                0x0000000000000040       0x50 uart.elf-uart.o
 .debug_aranges
                0x0000000000000090       0x20 uart.elf-counter_la_uart.o

.debug_str      0x0000000000000000      0x1ed
 .debug_str     0x0000000000000000       0x4e uart.elf-crt0_vex.o
 .debug_str     0x000000000000004e      0x124 uart.elf-isr.o
                                        0x165 (size before relaxing)
 .debug_str     0x0000000000000172       0x4f uart.elf-uart.o
                                        0x1b1 (size before relaxing)
 .debug_str     0x00000000000001c1       0x2c uart.elf-counter_la_uart.o
                                        0x166 (size before relaxing)

.debug_frame    0x0000000000000000      0x400
 .debug_frame   0x0000000000000000      0x118 uart.elf-isr.o
 .debug_frame   0x0000000000000118      0x1d4 uart.elf-uart.o
 .debug_frame   0x00000000000002ec      0x114 uart.elf-counter_la_uart.o

.debug_rnglists
                0x0000000000000000       0x4c
 .debug_rnglists
                0x0000000000000000       0x4c uart.elf-uart.o
